
  .   ____          _            __ _ _
 /\\ / ___'_ __ _ _(_)_ __  __ _ \ \ \ \
( ( )\___ | '_ | '_| | '_ \/ _` | \ \ \ \
 \\/  ___)| |_)| | | | | || (_| |  ) ) ) )
  '  |____| .__|_| |_|_| |_\__, | / / / /
 =========|_|==============|___/=/_/_/_/

 :: Spring Boot ::                (v4.0.2)

2026-02-03T17:29:52.146+08:00  INFO 17164 --- [backend] [           main] io.cjc.backend.BackendApplication        : Starting BackendApplication v0.0.1-SNAPSHOT using Java 17.0.11 with PID 17164 (S:\Github\shopping\backend\build\libs\backend-0.0.1-SNAPSHOT.jar started by cjc in S:\Github\shopping\backend)
2026-02-03T17:29:52.169+08:00 DEBUG 17164 --- [backend] [           main] io.cjc.backend.BackendApplication        : Running with Spring Boot v4.0.2, Spring v7.0.3
2026-02-03T17:29:52.172+08:00  INFO 17164 --- [backend] [           main] io.cjc.backend.BackendApplication        : No active profile set, falling back to 1 default profile: "default"
2026-02-03T17:29:55.234+08:00  INFO 17164 --- [backend] [           main] .s.d.r.c.RepositoryConfigurationDelegate : Bootstrapping Spring Data JPA repositories in DEFAULT mode.
2026-02-03T17:29:55.500+08:00  INFO 17164 --- [backend] [           main] .s.d.r.c.RepositoryConfigurationDelegate : Finished Spring Data repository scanning in 218 ms. Found 5 JPA repository interfaces.
2026-02-03T17:29:58.257+08:00  INFO 17164 --- [backend] [           main] o.s.boot.tomcat.TomcatWebServer          : Tomcat initialized with port 8080 (http)
2026-02-03T17:29:58.342+08:00  INFO 17164 --- [backend] [           main] o.apache.catalina.core.StandardService   : Starting service [Tomcat]
2026-02-03T17:29:58.343+08:00  INFO 17164 --- [backend] [           main] o.apache.catalina.core.StandardEngine    : Starting Servlet engine: [Apache Tomcat/11.0.15]
2026-02-03T17:29:58.564+08:00  INFO 17164 --- [backend] [           main] b.w.c.s.WebApplicationContextInitializer : Root WebApplicationContext: initialization completed in 6151 ms
2026-02-03T17:29:58.858+08:00 DEBUG 17164 --- [backend] [           main] i.c.b.security.JwtAuthenticationFilter   : Filter 'jwtAuthenticationFilter' configured for use
2026-02-03T17:29:59.520+08:00  INFO 17164 --- [backend] [           main] org.hibernate.orm.jpa                    : HHH008540: Processing PersistenceUnitInfo [name: default]
2026-02-03T17:29:59.963+08:00  INFO 17164 --- [backend] [           main] org.hibernate.orm.core                   : HHH000001: Hibernate ORM core version 7.2.1.Final
2026-02-03T17:30:01.749+08:00  INFO 17164 --- [backend] [           main] o.s.o.j.p.SpringPersistenceUnitInfo      : No LoadTimeWeaver setup: ignoring JPA class transformer
2026-02-03T17:30:01.838+08:00  INFO 17164 --- [backend] [           main] com.zaxxer.hikari.HikariDataSource       : HikariPool-1 - Starting...
2026-02-03T17:30:02.418+08:00  INFO 17164 --- [backend] [           main] com.zaxxer.hikari.pool.HikariPool        : HikariPool-1 - Added connection org.postgresql.jdbc.PgConnection@2ecdcfe3
2026-02-03T17:30:02.423+08:00  INFO 17164 --- [backend] [           main] com.zaxxer.hikari.HikariDataSource       : HikariPool-1 - Start completed.
2026-02-03T17:30:02.534+08:00  WARN 17164 --- [backend] [           main] org.hibernate.orm.deprecation            : HHH90000025: PostgreSQLDialect does not need to be specified explicitly using 'hibernate.dialect' (remove the property setting and it will be selected by default)
2026-02-03T17:30:02.596+08:00  INFO 17164 --- [backend] [           main] org.hibernate.orm.connections.pooling    : HHH10001005: Database info:
	Database JDBC URL [jdbc:postgresql://localhost:5432/postgres]
	Database driver: PostgreSQL JDBC Driver
	Database dialect: PostgreSQLDialect
	Database version: 18.1
	Default catalog/schema: postgres/public
	Autocommit mode: undefined/unknown
	Isolation level: READ_COMMITTED [default READ_COMMITTED]
	JDBC fetch size: none
	Pool: DataSourceConnectionProvider
	Minimum pool size: undefined/unknown
	Maximum pool size: undefined/unknown
2026-02-03T17:30:05.247+08:00  INFO 17164 --- [backend] [           main] org.hibernate.orm.core                   : HHH000489: No JTA platform available (set 'hibernate.transaction.jta.platform' to enable JTA platform integration)
2026-02-03T17:30:05.472+08:00  INFO 17164 --- [backend] [           main] j.LocalContainerEntityManagerFactoryBean : Initialized JPA EntityManagerFactory for persistence unit 'default'
2026-02-03T17:30:05.664+08:00  INFO 17164 --- [backend] [           main] o.s.d.j.r.query.QueryEnhancerFactories   : Hibernate is in classpath; If applicable, HQL parser will be used.
2026-02-03T17:30:08.722+08:00  WARN 17164 --- [backend] [           main] JpaBaseConfiguration$JpaWebConfiguration : spring.jpa.open-in-view is enabled by default. Therefore, database queries may be performed during view rendering. Explicitly configure spring.jpa.open-in-view to disable this warning
2026-02-03T17:30:09.202+08:00  WARN 17164 --- [backend] [           main] .s.a.UserDetailsServiceAutoConfiguration : 

Using generated security password: 9fbfaa51-31fe-4110-9503-0caa4fde4cea

This generated password is for development use only. Your security configuration must be updated before running your application in production.

2026-02-03T17:30:09.253+08:00  INFO 17164 --- [backend] [           main] r$InitializeUserDetailsManagerConfigurer : Global AuthenticationManager configured with UserDetailsService bean with name inMemoryUserDetailsManager
2026-02-03T17:30:09.575+08:00 DEBUG 17164 --- [backend] [           main] o.s.s.web.DefaultSecurityFilterChain     : Will secure any request with filters: DisableEncodeUrlFilter, WebAsyncManagerIntegrationFilter, SecurityContextHolderFilter, HeaderWriterFilter, CorsFilter, LogoutFilter, JwtAuthenticationFilter, RequestCacheAwareFilter, SecurityContextHolderAwareRequestFilter, AnonymousAuthenticationFilter, SessionManagementFilter, ExceptionTranslationFilter, AuthorizationFilter
2026-02-03T17:30:11.529+08:00  INFO 17164 --- [backend] [           main] o.s.boot.tomcat.TomcatWebServer          : Tomcat started on port 8080 (http) with context path '/api'
2026-02-03T17:30:11.554+08:00  INFO 17164 --- [backend] [           main] io.cjc.backend.BackendApplication        : Started BackendApplication in 21.09 seconds (process running for 23.233)
2026-02-03T17:30:29.696+08:00  INFO 17164 --- [backend] [nio-8080-exec-1] o.a.c.c.C.[Tomcat].[localhost].[/api]    : Initializing Spring DispatcherServlet 'dispatcherServlet'
2026-02-03T17:30:29.696+08:00  INFO 17164 --- [backend] [nio-8080-exec-1] o.s.web.servlet.DispatcherServlet        : Initializing Servlet 'dispatcherServlet'
2026-02-03T17:30:29.698+08:00  INFO 17164 --- [backend] [nio-8080-exec-1] o.s.web.servlet.DispatcherServlet        : Completed initialization in 2 ms
2026-02-03T17:30:29.749+08:00 DEBUG 17164 --- [backend] [nio-8080-exec-1] o.s.security.web.FilterChainProxy        : Securing POST /auth/login
2026-02-03T17:30:29.769+08:00 DEBUG 17164 --- [backend] [nio-8080-exec-1] o.s.s.w.a.AnonymousAuthenticationFilter  : Set SecurityContextHolder to anonymous SecurityContext
2026-02-03T17:30:29.772+08:00 DEBUG 17164 --- [backend] [nio-8080-exec-1] o.s.security.web.FilterChainProxy        : Secured POST /auth/login
2026-02-03T17:30:42.112+08:00 DEBUG 17164 --- [backend] [nio-8080-exec-2] o.s.security.web.FilterChainProxy        : Securing GET /auth/login
2026-02-03T17:30:42.114+08:00 DEBUG 17164 --- [backend] [nio-8080-exec-2] o.s.s.w.a.AnonymousAuthenticationFilter  : Set SecurityContextHolder to anonymous SecurityContext
2026-02-03T17:30:42.115+08:00 DEBUG 17164 --- [backend] [nio-8080-exec-2] o.s.security.web.FilterChainProxy        : Secured GET /auth/login
2026-02-03T19:56:13.096+08:00 DEBUG 17164 --- [backend] [nio-8080-exec-4] o.s.security.web.FilterChainProxy        : Securing GET /
2026-02-03T19:56:13.148+08:00 DEBUG 17164 --- [backend] [nio-8080-exec-4] o.s.s.w.a.AnonymousAuthenticationFilter  : Set SecurityContextHolder to anonymous SecurityContext
2026-02-03T19:56:13.151+08:00 DEBUG 17164 --- [backend] [nio-8080-exec-4] o.s.s.w.a.Http403ForbiddenEntryPoint     : Pre-authenticated entry point called. Rejecting access
2026-02-03T19:56:13.194+08:00 DEBUG 17164 --- [backend] [nio-8080-exec-4] o.s.security.web.FilterChainProxy        : Securing GET /error
2026-02-03T19:56:13.195+08:00 DEBUG 17164 --- [backend] [nio-8080-exec-4] o.s.s.w.a.AnonymousAuthenticationFilter  : Set SecurityContextHolder to anonymous SecurityContext
2026-02-03T19:56:13.196+08:00 DEBUG 17164 --- [backend] [nio-8080-exec-4] o.s.s.w.a.Http403ForbiddenEntryPoint     : Pre-authenticated entry point called. Rejecting access
